// Jest Snapshot v1, https://goo.gl/fbAQLP

exports[`<Footer /> rendering renders correctly 1`] = `
<View
  style={
    Object {
      "alignItems": "center",
      "alignSelf": "stretch",
      "borderTopColor": "grey",
      "borderTopWidth": 0.2,
      "justifyContent": "center",
    }
  }
>
  <Text
    accessible={true}
    allowFontScaling={true}
    ellipsizeMode="tail"
    style={
      Object {
        "fontFamily": "Avenir",
        "fontSize": 20,
      }
    }
  >
    Built in Los Angeles
  </Text>
</View>
`;
