// Jest Snapshot v1, https://goo.gl/fbAQLP

exports[`<Header /> rendering renders correctly 1`] = `
<View
  style={
    Object {
      "borderBottomColor": "grey",
      "borderBottomWidth": 0.2,
      "height": 80,
      "justifyContent": "flex-end",
      "paddingBottom": 5,
      "width": "100%",
    }
  }
>
  <Text
    accessible={true}
    allowFontScaling={true}
    ellipsizeMode="tail"
    style={
      Object {
        "alignSelf": "center",
        "fontFamily": "BradleyHandITCTT-Bold",
        "fontSize": 35,
      }
    }
  >
    InstaClone
  </Text>
</View>
`;

exports[`<Header /> renders correctly 1`] = `
<View
  style={
    Object {
      "borderBottomColor": "grey",
      "borderBottomWidth": 0.2,
      "height": 80,
      "justifyContent": "flex-end",
      "paddingBottom": 5,
      "width": "100%",
    }
  }
>
  <Text
    accessible={true}
    allowFontScaling={true}
    ellipsizeMode="tail"
    style={
      Object {
        "alignSelf": "center",
        "fontFamily": "BradleyHandITCTT-Bold",
        "fontSize": 35,
      }
    }
  >
    InstaClone
  </Text>
</View>
`;
